[08:22:49] $ /src/pmbootstrap/pmbootstrap.py --details-to-stdout build --arch armv7 device-samsung-k3gxx[0m
[08:22:49] pmbootstrap v3.11.1 (Python 3.12.14 (main, Aug 13 2026, 15:04:11) [GCC 14.2.0])[0m
[08:22:49] % cd /src/pmaports; git remote -v[0m
[08:22:49] % cd /src/pmaports; git show origin/main:channels.cfg[0m
[08:22:49] Zapping buildroots (running in strict mode by default, use --lax to skip zap)[0m
[08:22:49] % sudo losetup --json --list[0m
{
   "loopdevices": [

   ]
}
[08:22:49] % sudo rm /home/pmos/work/chroot_native/in-pmbootstrap[0m
[08:22:49] % sudo rm /home/pmos/work/chroot_buildroot_armv7/in-pmbootstrap[0m
[08:22:49] % sudo umount /home/pmos/work/chroot_native/var/cache/distfiles[0m
[08:22:49] % sudo umount /home/pmos/work/chroot_native/var/cache/apk[0m
[08:22:49] % sudo umount /home/pmos/work/chroot_native/sys[0m
[08:22:49] % sudo umount /home/pmos/work/chroot_native/proc[0m
[08:22:49] % sudo umount /home/pmos/work/chroot_native/mnt/pmbootstrap/sccache[0m
[08:22:49] % sudo umount /home/pmos/work/chroot_native/mnt/pmbootstrap/rust[0m
[08:22:49] % sudo umount /home/pmos/work/chroot_native/mnt/pmbootstrap/packages[0m
[08:22:49] % sudo umount /home/pmos/work/chroot_native/mnt/pmbootstrap/netboot[0m
[08:22:49] % sudo umount /home/pmos/work/chroot_native/mnt/pmbootstrap/go[0m
[08:22:49] % sudo umount /home/pmos/work/chroot_native/mnt/pmbootstrap/git[0m
[08:22:49] % sudo umount /home/pmos/work/chroot_native/mnt/pmbootstrap/ccache[0m
[08:22:49] % sudo umount /home/pmos/work/chroot_native/mnt/pmbootstrap/abuild-config[0m
[08:22:49] % sudo umount /home/pmos/work/chroot_native/mnt/appstream-data[0m
[08:22:49] % sudo umount /home/pmos/work/chroot_native/etc/apk/keys[0m
[08:22:49] % sudo umount /home/pmos/work/chroot_native/dev/shm[0m
[08:22:49] % sudo umount /home/pmos/work/chroot_native/dev/pts[0m
[08:22:49] % sudo umount /home/pmos/work/chroot_native/dev[0m
[08:22:49] % sudo umount /home/pmos/work/chroot_buildroot_armv7/var/cache/distfiles[0m
[08:22:49] % sudo umount /home/pmos/work/chroot_buildroot_armv7/var/cache/apk[0m
[08:22:49] % sudo umount /home/pmos/work/chroot_buildroot_armv7/usr/bin/qemu-arm-static[0m
[08:22:49] % sudo umount /home/pmos/work/chroot_buildroot_armv7/sys[0m
[08:22:49] % sudo umount /home/pmos/work/chroot_buildroot_armv7/proc[0m
[08:22:49] % sudo umount /home/pmos/work/chroot_buildroot_armv7/mnt/rootfs_samsung-k3gxx[0m
[08:22:49] % sudo umount /home/pmos/work/chroot_buildroot_armv7/mnt/pmbootstrap/sccache[0m
[08:22:49] % sudo umount /home/pmos/work/chroot_buildroot_armv7/mnt/pmbootstrap/rust[0m
[08:22:49] % sudo umount /home/pmos/work/chroot_buildroot_armv7/mnt/pmbootstrap/packages[0m
[08:22:49] % sudo umount /home/pmos/work/chroot_buildroot_armv7/mnt/pmbootstrap/netboot[0m
[08:22:49] % sudo umount /home/pmos/work/chroot_buildroot_armv7/mnt/pmbootstrap/go[0m
[08:22:49] % sudo umount /home/pmos/work/chroot_buildroot_armv7/mnt/pmbootstrap/git[0m
[08:22:49] % sudo umount /home/pmos/work/chroot_buildroot_armv7/mnt/pmbootstrap/ccache[0m
[08:22:49] % sudo umount /home/pmos/work/chroot_buildroot_armv7/mnt/pmbootstrap/abuild-config[0m
[08:22:49] % sudo umount /home/pmos/work/chroot_buildroot_armv7/mnt/appstream-data[0m
[08:22:49] % sudo umount /home/pmos/work/chroot_buildroot_armv7/etc/apk/keys[0m
[08:22:49] % sudo umount /home/pmos/work/chroot_buildroot_armv7/dev/shm[0m
[08:22:49] % sudo umount /home/pmos/work/chroot_buildroot_armv7/dev/pts[0m
[08:22:49] % sudo umount /home/pmos/work/chroot_buildroot_armv7/dev[0m
[08:22:49] % sudo rm -rf /home/pmos/work/chroot_buildroot_armv7[0m
[08:22:50] % sudo rm -rf /home/pmos/work/chroot_native[0m
[08:22:50] Attempting to build: device-samsung-k3gxx[0m
[08:22:50] armv7/device-samsung-k3gxx: Generating dependency tree[0m
[08:22:50] check_version_constraints: ignoring device-samsung-k3gxx[0m
[08:22:50] Build is necessary for package 'device-samsung-k3gxx': binary package out of date (binary: 4-r1, local pmaports: 4-r2)[0m
[08:22:50] check_version_constraints: ignoring device-samsung-k3gxx[0m
[08:22:50] check_version_constraints: ignoring devicepkg-dev[0m
[08:22:50] check_version_constraints: ignoring devicepkg-dev[0m
[08:22:50] check_version_constraints: ignoring linux-samsung-k3gxx[0m
[08:22:50] check_version_constraints: ignoring linux-samsung-k3gxx[0m
[08:22:50] check_version_constraints: ignoring mkbootimg[0m
[08:22:50] check_version_constraints: ignoring mkbootimg-osm0sis[0m
[08:22:50] check_version_constraints: ignoring msm-fb-refresher[0m
[08:22:50] check_version_constraints: ignoring msm-fb-refresher[0m
[08:22:50] check_version_constraints: ignoring postmarketos-base[0m
[08:22:50] check_version_constraints: ignoring postmarketos-base[0m
[08:22:51] Building [94m1[0m package[0m
[08:22:51]    [94m*[0m edge/device-samsung-k3gxx[0m
[08:22:51] [93m=> (1/1)[0m [94medge/device-samsung-k3gxx[0m: Installing dependencies[0m
[08:22:51] Initializing armv7 buildroot[0m
[08:22:51] % sudo mkdir -p /home/pmos/work/chroot_native/dev[0m
[08:22:51] % sudo mount -t tmpfs -o size=1M,noexec,dev tmpfs /home/pmos/work/chroot_native/dev[0m
[08:22:51] % sudo ln -s /proc/self/fd/0 /home/pmos/work/chroot_native/dev/stdin[0m
[08:22:51] % sudo ln -s /proc/self/fd/1 /home/pmos/work/chroot_native/dev/stdout[0m
[08:22:51] % sudo ln -s /proc/self/fd/2 /home/pmos/work/chroot_native/dev/stderr[0m
[08:22:51] % sudo mkdir -p /home/pmos/work/chroot_native/dev/pts /home/pmos/work/chroot_native/dev/shm[0m
[08:22:51] % sudo mount -t tmpfs -o nodev,nosuid,noexec tmpfs /home/pmos/work/chroot_native/dev/shm[0m
[08:22:51] % sudo mount -t devpts -o ptmxmode=0666 devpts /home/pmos/work/chroot_native/dev/pts[0m
[08:22:51] % sudo mknod /home/pmos/work/chroot_native/dev/null c 1 3[0m
[08:22:51] % sudo chmod 666 /home/pmos/work/chroot_native/dev/null[0m
[08:22:51] % sudo mknod /home/pmos/work/chroot_native/dev/zero c 1 5[0m
[08:22:51] % sudo chmod 666 /home/pmos/work/chroot_native/dev/zero[0m
[08:22:51] % sudo mknod /home/pmos/work/chroot_native/dev/full c 1 7[0m
[08:22:51] % sudo chmod 666 /home/pmos/work/chroot_native/dev/full[0m
[08:22:51] % sudo mknod /home/pmos/work/chroot_native/dev/random c 1 8[0m
[08:22:51] % sudo chmod 666 /home/pmos/work/chroot_native/dev/random[0m
[08:22:51] % sudo mknod /home/pmos/work/chroot_native/dev/urandom c 1 9[0m
[08:22:51] % sudo chmod 666 /home/pmos/work/chroot_native/dev/urandom[0m
[08:22:51] % sudo mknod /home/pmos/work/chroot_native/dev/tty c 5 0[0m
[08:22:51] % sudo chmod 666 /home/pmos/work/chroot_native/dev/tty[0m
[08:22:51] % sudo mknod /home/pmos/work/chroot_native/dev/ptmx c 5 2[0m
[08:22:51] % sudo chmod 666 /home/pmos/work/chroot_native/dev/ptmx[0m
[08:22:51] % sudo ln -sf /proc/self/fd /home/pmos/work/chroot_native/dev/[0m
[08:22:51] % sudo mkdir -p /home/pmos/work/chroot_native/proc[0m
[08:22:51] % sudo mount --bind /proc /home/pmos/work/chroot_native/proc[0m
[08:22:51] % sudo mkdir -p /home/pmos/work/chroot_native/sys[0m
[08:22:51] % sudo mount --bind /sys /home/pmos/work/chroot_native/sys[0m
[08:22:51] % sudo mkdir -p /home/pmos/work/chroot_native/var/cache/apk[0m
[08:22:51] % sudo mount --bind /home/pmos/work/cache_apk_aarch64 /home/pmos/work/chroot_native/var/cache/apk[0m
[08:22:51] % sudo mkdir -p /home/pmos/work/chroot_native/mnt/appstream-data[0m
[08:22:51] % sudo mount --bind /home/pmos/work/cache_appstream/aarch64/edge /home/pmos/work/chroot_native/mnt/appstream-data[0m
[08:22:51] % sudo mkdir -p /home/pmos/work/chroot_native/mnt/pmbootstrap/ccache[0m
[08:22:51] % sudo mount --bind /home/pmos/work/cache_ccache_aarch64 /home/pmos/work/chroot_native/mnt/pmbootstrap/ccache[0m
[08:22:51] % sudo mkdir -p /home/pmos/work/chroot_native/var/cache/distfiles[0m
[08:22:51] % sudo mount --bind /home/pmos/work/cache_distfiles /home/pmos/work/chroot_native/var/cache/distfiles[0m
[08:22:51] % sudo mkdir -p /home/pmos/work/chroot_native/mnt/pmbootstrap/git[0m
[08:22:51] % sudo mount --bind /home/pmos/work/cache_git /home/pmos/work/chroot_native/mnt/pmbootstrap/git[0m
[08:22:51] % sudo mkdir -p /home/pmos/work/chroot_native/mnt/pmbootstrap/go[0m
[08:22:51] % sudo mount --bind /home/pmos/work/cache_go /home/pmos/work/chroot_native/mnt/pmbootstrap/go[0m
[08:22:51] % sudo mkdir -p /home/pmos/work/chroot_native/mnt/pmbootstrap/rust[0m
[08:22:51] % sudo mount --bind /home/pmos/work/cache_rust /home/pmos/work/chroot_native/mnt/pmbootstrap/rust[0m
[08:22:51] % sudo mkdir -p /home/pmos/work/chroot_native/mnt/pmbootstrap/abuild-config[0m
[08:22:51] % sudo mount --bind /home/pmos/work/config_abuild /home/pmos/work/chroot_native/mnt/pmbootstrap/abuild-config[0m
[08:22:51] % sudo mkdir -p /home/pmos/work/chroot_native/etc/apk/keys[0m
[08:22:51] % sudo mount --bind /home/pmos/work/config_apk_keys /home/pmos/work/chroot_native/etc/apk/keys[0m
[08:22:51] % sudo mkdir -p /home/pmos/work/chroot_native/mnt/pmbootstrap/sccache[0m
[08:22:51] % sudo mount --bind /home/pmos/work/cache_sccache /home/pmos/work/chroot_native/mnt/pmbootstrap/sccache[0m
[08:22:51] % sudo mkdir -p /home/pmos/work/chroot_native/mnt/pmbootstrap/netboot[0m
[08:22:51] % sudo mount --bind /home/pmos/work/images_netboot /home/pmos/work/chroot_native/mnt/pmbootstrap/netboot[0m
[08:22:51] % sudo mkdir -p /home/pmos/work/chroot_native/mnt/pmbootstrap/packages[0m
[08:22:51] % sudo mount --bind /home/pmos/work/packages /home/pmos/work/chroot_native/mnt/pmbootstrap/packages[0m
[08:22:51] % sudo touch /home/pmos/work/chroot_native/in-pmbootstrap[0m
[08:22:51] check_version_constraints: ignoring apk-tools-static[0m
[08:22:51] sigfilename: sbin/apk.static.SIGN.RSA.sha256.alpine-devel@lists.alpinelinux.org-616ae350.rsa.pub[0m
[08:22:51] sigkey: alpine-devel@lists.alpinelinux.org-616ae350.rsa.pub[0m
[08:22:51] extracted: /tmp/pmbootstraplazq0tgjapk[0m
[08:22:51] extracted: /tmp/pmbootstrapbuelp4q8sig[0m
[08:22:51] Verify apk.static signature with /src/pmbootstrap/pmb/data/keys/alpine-devel@lists.alpinelinux.org-616ae350.rsa.pub[0m
[08:22:51] % openssl dgst -sha256 -verify /src/pmbootstrap/pmb/data/keys/alpine-devel@lists.alpinelinux.org-616ae350.rsa.pub -signature /tmp/pmbootstrapbuelp4q8sig /tmp/pmbootstraplazq0tgjapk[0m
Verified OK
[08:22:51] Verify the version reported by the apk.static binary (must match the package version 3.0.8-r0)[0m
[08:22:51] % /tmp/pmbootstraplazq0tgjapk --version[0m
apk-tools 3.0.8-r0, compiled for aarch64.
[08:22:51] (native) Creating chroot[0m
[08:22:51] % sudo cp /etc/resolv.conf /home/pmos/work/chroot_native/etc/resolv.conf[0m
[08:22:51] % sudo mkdir -p /home/pmos/work/chroot_native/etc/apk[0m
[08:22:51] (chroot_native) update /etc/apk/repositories[0m
[08:22:51] % sudo sh -c echo https://mirror.postmarketos.org/postmarketos/main >> /home/pmos/work/chroot_native/etc/apk/repositories[0m
[08:22:51] % sudo sh -c echo https://dl-cdn.alpinelinux.org/alpine/edge/main >> /home/pmos/work/chroot_native/etc/apk/repositories[0m
[08:22:51] % sudo sh -c echo https://dl-cdn.alpinelinux.org/alpine/edge/community >> /home/pmos/work/chroot_native/etc/apk/repositories[0m
[08:22:51] % sudo sh -c echo https://dl-cdn.alpinelinux.org/alpine/edge/testing >> /home/pmos/work/chroot_native/etc/apk/repositories[0m
[08:22:51] % sudo mkdir -p /home/pmos/work/chroot_native/usr/bin /home/pmos/work/chroot_native/usr/sbin /home/pmos/work/chroot_native/usr/lib[0m
[08:22:51] % sudo ln -s usr/bin usr/sbin usr/lib /home/pmos/work/chroot_native/[0m
[08:22:51] % sudo rm -r /home/pmos/work/chroot_native/sbin /home/pmos/work/chroot_native/usr/sbin[0m
[08:22:51] % sudo ln -s usr/bin /home/pmos/work/chroot_native/sbin[0m
[08:22:51] % sudo ln -s bin /home/pmos/work/chroot_native/usr/sbin[0m
[08:22:51] % sudo mkdir -p /home/pmos/work/tmp[0m
[08:22:51] % sudo rm -f /home/pmos/work/tmp/apk_progress_fifo[0m
[08:22:51] % sudo mkfifo /home/pmos/work/tmp/apk_progress_fifo[0m
[08:22:51] % sudo cat /home/pmos/work/tmp/apk_progress_fifo[0m
[08:22:51] % sudo sh -c exec 3>/home/pmos/work/tmp/apk_progress_fifo; /home/pmos/work/apk.static --progress-fd 3 --no-progress --root /home/pmos/work/chroot_native --arch aarch64 --cache-dir /home/pmos/work/cache_apk_aarch64 --repository /home/pmos/work/packages/edge --initdb add --no-interactive alpine-baselayout apk-tools busybox musl-utils ;[0m
[08:22:51] New background process: pid=13287, output=background[0m
WARNING: opening /home/pmos/work/packages/edge/aarch64/APKINDEX.tar.gz: No such file or directory
( 1/14) Installing alpine-baselayout-data (3.7.2-r1)
( 2/14) Installing musl (1.2.6-r3)
( 3/14) Installing busybox (1.38.0-r7)
  Executing busybox-1.38.0-r7.post-install
( 4/14) Installing busybox-binsh (1.38.0-r7)
( 5/14) Installing alpine-baselayout (3.7.2-r1)
  Executing alpine-baselayout-3.7.2-r1.pre-install
  Executing alpine-baselayout-3.7.2-r1.post-install
( 6/14) Installing libcrypto3 (3.5.8-r1)
( 7/14) Installing libssl3 (3.5.8-r1)
( 8/14) Installing ssl_client (1.38.0-r7)
( 9/14) Installing zlib (1.3.2-r0)
(10/14) Installing libapk (3.0.8-r0)
(11/14) Installing ca-certificates-bundle (20260909-r0)
(12/14) Installing apk-tools (3.0.8-r0)
(13/14) Installing scanelf (1.3.9-r1)
(14/14) Installing musl-utils (1.2.6-r3)
Executing busybox-1.38.0-r7.trigger
OK: 8422 KiB in 14 packages
[08:22:52] (native) % adduser -D pmos -u 12345[0m
[08:22:52] (native) % busybox su pmos -c HOME=/home/pmos ln -s /mnt/pmbootstrap/abuild-config /home/pmos/.abuild ;[0m
[08:22:52] (native) % chown pmos:pmos /mnt/pmbootstrap/abuild-config[0m
[08:22:52] (native) % busybox su pmos -c HOME=/home/pmos ln -s /mnt/pmbootstrap/ccache /home/pmos/.ccache ;[0m
[08:22:52] (native) % chown pmos:pmos /mnt/pmbootstrap/ccache[0m
[08:22:52] (native) % busybox su pmos -c HOME=/home/pmos mkdir -p /home/pmos/.cache ;[0m
[08:22:52] (native) % busybox su pmos -c HOME=/home/pmos ln -s /mnt/pmbootstrap/go/gocache /home/pmos/.cache/go-build ;[0m
[08:22:52] (native) % chown pmos:pmos /mnt/pmbootstrap/go/gocache[0m
[08:22:52] (native) % busybox su pmos -c HOME=/home/pmos mkdir -p /home/pmos/go/pkg ;[0m
[08:22:52] (native) % busybox su pmos -c HOME=/home/pmos ln -s /mnt/pmbootstrap/go/gomodcache /home/pmos/go/pkg/mod ;[0m
[08:22:52] (native) % chown pmos:pmos /mnt/pmbootstrap/go/gomodcache[0m
[08:22:52] (native) % busybox su pmos -c HOME=/home/pmos mkdir -p /home/pmos/.cargo/git ;[0m
[08:22:52] (native) % busybox su pmos -c HOME=/home/pmos ln -s /mnt/pmbootstrap/rust/git/db /home/pmos/.cargo/git/db ;[0m
[08:22:52] (native) % chown pmos:pmos /mnt/pmbootstrap/rust/git/db[0m
[08:22:52] (native) % busybox su pmos -c HOME=/home/pmos mkdir -p /home/pmos/.cargo/registry ;[0m
[08:22:52] (native) % busybox su pmos -c HOME=/home/pmos ln -s /mnt/pmbootstrap/rust/registry/cache /home/pmos/.cargo/registry/cache ;[0m
[08:22:52] (native) % chown pmos:pmos /mnt/pmbootstrap/rust/registry/cache[0m
[08:22:52] (native) % busybox su pmos -c HOME=/home/pmos ln -s /mnt/pmbootstrap/rust/registry/index /home/pmos/.cargo/registry/index ;[0m
[08:22:52] (native) % chown pmos:pmos /mnt/pmbootstrap/rust/registry/index[0m
[08:22:52] (native) % busybox su pmos -c HOME=/home/pmos ln -s /mnt/pmbootstrap/sccache /home/pmos/.cache/sccache ;[0m
[08:22:52] (native) % chown pmos:pmos /mnt/pmbootstrap/sccache[0m
[08:22:52] % sudo mkdir -p /home/pmos/work/chroot_buildroot_armv7/dev[0m
[08:22:52] % sudo mount -t tmpfs -o size=1M,noexec,dev tmpfs /home/pmos/work/chroot_buildroot_armv7/dev[0m
[08:22:52] % sudo ln -s /proc/self/fd/0 /home/pmos/work/chroot_buildroot_armv7/dev/stdin[0m
[08:22:52] % sudo ln -s /proc/self/fd/1 /home/pmos/work/chroot_buildroot_armv7/dev/stdout[0m
[08:22:52] % sudo ln -s /proc/self/fd/2 /home/pmos/work/chroot_buildroot_armv7/dev/stderr[0m
[08:22:52] % sudo mkdir -p /home/pmos/work/chroot_buildroot_armv7/dev/pts /home/pmos/work/chroot_buildroot_armv7/dev/shm[0m
[08:22:52] % sudo mount -t tmpfs -o nodev,nosuid,noexec tmpfs /home/pmos/work/chroot_buildroot_armv7/dev/shm[0m
[08:22:52] % sudo mount -t devpts -o ptmxmode=0666 devpts /home/pmos/work/chroot_buildroot_armv7/dev/pts[0m
[08:22:52] % sudo mknod /home/pmos/work/chroot_buildroot_armv7/dev/null c 1 3[0m
[08:22:52] % sudo chmod 666 /home/pmos/work/chroot_buildroot_armv7/dev/null[0m
[08:22:52] % sudo mknod /home/pmos/work/chroot_buildroot_armv7/dev/zero c 1 5[0m
[08:22:52] % sudo chmod 666 /home/pmos/work/chroot_buildroot_armv7/dev/zero[0m
[08:22:52] % sudo mknod /home/pmos/work/chroot_buildroot_armv7/dev/full c 1 7[0m
[08:22:52] % sudo chmod 666 /home/pmos/work/chroot_buildroot_armv7/dev/full[0m
[08:22:52] % sudo mknod /home/pmos/work/chroot_buildroot_armv7/dev/random c 1 8[0m
[08:22:52] % sudo chmod 666 /home/pmos/work/chroot_buildroot_armv7/dev/random[0m
[08:22:52] % sudo mknod /home/pmos/work/chroot_buildroot_armv7/dev/urandom c 1 9[0m
[08:22:52] % sudo chmod 666 /home/pmos/work/chroot_buildroot_armv7/dev/urandom[0m
[08:22:52] % sudo mknod /home/pmos/work/chroot_buildroot_armv7/dev/tty c 5 0[0m
[08:22:52] % sudo chmod 666 /home/pmos/work/chroot_buildroot_armv7/dev/tty[0m
[08:22:52] % sudo mknod /home/pmos/work/chroot_buildroot_armv7/dev/ptmx c 5 2[0m
[08:22:52] % sudo chmod 666 /home/pmos/work/chroot_buildroot_armv7/dev/ptmx[0m
[08:22:52] % sudo ln -sf /proc/self/fd /home/pmos/work/chroot_buildroot_armv7/dev/[0m
[08:22:52] % sudo mkdir -p /home/pmos/work/chroot_buildroot_armv7/proc[0m
[08:22:52] % sudo mount --bind /proc /home/pmos/work/chroot_buildroot_armv7/proc[0m
[08:22:52] % sudo mkdir -p /home/pmos/work/chroot_buildroot_armv7/sys[0m
[08:22:52] % sudo mount --bind /sys /home/pmos/work/chroot_buildroot_armv7/sys[0m
[08:22:52] % sudo mkdir -p /home/pmos/work/chroot_buildroot_armv7/var/cache/apk[0m
[08:22:52] % sudo mount --bind /home/pmos/work/cache_apk_armv7 /home/pmos/work/chroot_buildroot_armv7/var/cache/apk[0m
[08:22:52] % sudo mkdir -p /home/pmos/work/chroot_buildroot_armv7/mnt/appstream-data[0m
[08:22:52] % sudo mount --bind /home/pmos/work/cache_appstream/armv7/edge /home/pmos/work/chroot_buildroot_armv7/mnt/appstream-data[0m
[08:22:52] % sudo mkdir -p /home/pmos/work/chroot_buildroot_armv7/mnt/pmbootstrap/ccache[0m
[08:22:52] % sudo mount --bind /home/pmos/work/cache_ccache_armv7 /home/pmos/work/chroot_buildroot_armv7/mnt/pmbootstrap/ccache[0m
[08:22:52] % sudo mkdir -p /home/pmos/work/chroot_buildroot_armv7/var/cache/distfiles[0m
[08:22:52] % sudo mount --bind /home/pmos/work/cache_distfiles /home/pmos/work/chroot_buildroot_armv7/var/cache/distfiles[0m
[08:22:52] % sudo mkdir -p /home/pmos/work/chroot_buildroot_armv7/mnt/pmbootstrap/git[0m
[08:22:52] % sudo mount --bind /home/pmos/work/cache_git /home/pmos/work/chroot_buildroot_armv7/mnt/pmbootstrap/git[0m
[08:22:52] % sudo mkdir -p /home/pmos/work/chroot_buildroot_armv7/mnt/pmbootstrap/go[0m
[08:22:52] % sudo mount --bind /home/pmos/work/cache_go /home/pmos/work/chroot_buildroot_armv7/mnt/pmbootstrap/go[0m
[08:22:52] % sudo mkdir -p /home/pmos/work/chroot_buildroot_armv7/mnt/pmbootstrap/rust[0m
[08:22:52] % sudo mount --bind /home/pmos/work/cache_rust /home/pmos/work/chroot_buildroot_armv7/mnt/pmbootstrap/rust[0m
[08:22:52] % sudo mkdir -p /home/pmos/work/chroot_buildroot_armv7/mnt/pmbootstrap/abuild-config[0m
[08:22:52] % sudo mount --bind /home/pmos/work/config_abuild /home/pmos/work/chroot_buildroot_armv7/mnt/pmbootstrap/abuild-config[0m
[08:22:52] % sudo mkdir -p /home/pmos/work/chroot_buildroot_armv7/etc/apk/keys[0m
[08:22:52] % sudo mount --bind /home/pmos/work/config_apk_keys /home/pmos/work/chroot_buildroot_armv7/etc/apk/keys[0m
[08:22:52] % sudo mkdir -p /home/pmos/work/chroot_buildroot_armv7/mnt/pmbootstrap/sccache[0m
[08:22:52] % sudo mount --bind /home/pmos/work/cache_sccache /home/pmos/work/chroot_buildroot_armv7/mnt/pmbootstrap/sccache[0m
[08:22:52] % sudo mkdir -p /home/pmos/work/chroot_buildroot_armv7/mnt/pmbootstrap/netboot[0m
[08:22:52] % sudo mount --bind /home/pmos/work/images_netboot /home/pmos/work/chroot_buildroot_armv7/mnt/pmbootstrap/netboot[0m
[08:22:52] % sudo mkdir -p /home/pmos/work/chroot_buildroot_armv7/mnt/pmbootstrap/packages[0m
[08:22:52] % sudo mount --bind /home/pmos/work/packages /home/pmos/work/chroot_buildroot_armv7/mnt/pmbootstrap/packages[0m
[08:22:52] Attempting to build: qemu-arm[0m
[08:22:52] check_version_constraints: ignoring qemu-arm[0m
[08:22:52] check_version_constraints: ignoring qemu-arm[0m
[08:22:52] (native) install qemu-arm[0m
[08:22:52] % sudo mkdir -p /home/pmos/work/tmp[0m
[08:22:52] % sudo rm -f /home/pmos/work/tmp/apk_progress_fifo[0m
[08:22:52] % sudo mkfifo /home/pmos/work/tmp/apk_progress_fifo[0m
[08:22:52] % sudo cat /home/pmos/work/tmp/apk_progress_fifo[0m
[08:22:52] % sudo sh -c exec 3>/home/pmos/work/tmp/apk_progress_fifo; /home/pmos/work/apk.static --progress-fd 3 --no-progress --root /home/pmos/work/chroot_native --arch aarch64 --cache-dir /home/pmos/work/cache_apk_aarch64 --repository /home/pmos/work/packages/edge add --no-interactive qemu-arm ;[0m
[08:22:52] New background process: pid=13456, output=background[0m
WARNING: opening /home/pmos/work/packages/edge/aarch64/APKINDEX.tar.gz: No such file or directory
(1/1) Installing qemu-arm (11.1.1-r0)
Executing busybox-1.38.0-r7.trigger
OK: 12.4 MiB in 15 packages
[08:22:53] % sudo mkdir -p /home/pmos/work/chroot_buildroot_armv7/usr/bin[0m
[08:22:53] % sudo touch /home/pmos/work/chroot_buildroot_armv7/usr/bin/qemu-arm-static[0m
[08:22:53] % sudo mount --bind /home/pmos/work/chroot_native/usr/bin/qemu-arm /home/pmos/work/chroot_buildroot_armv7/usr/bin/qemu-arm-static[0m
[08:22:53] % sudo touch /home/pmos/work/chroot_buildroot_armv7/in-pmbootstrap[0m
[08:22:53] check_version_constraints: ignoring apk-tools-static[0m
[08:22:53] sigfilename: sbin/apk.static.SIGN.RSA.sha256.alpine-devel@lists.alpinelinux.org-616ae350.rsa.pub[0m
[08:22:53] sigkey: alpine-devel@lists.alpinelinux.org-616ae350.rsa.pub[0m
[08:22:53] extracted: /tmp/pmbootstrap0jdv55i7apk[0m
[08:22:53] extracted: /tmp/pmbootstrapeg5e_oudsig[0m
[08:22:53] Verify apk.static signature with /src/pmbootstrap/pmb/data/keys/alpine-devel@lists.alpinelinux.org-616ae350.rsa.pub[0m
[08:22:53] % openssl dgst -sha256 -verify /src/pmbootstrap/pmb/data/keys/alpine-devel@lists.alpinelinux.org-616ae350.rsa.pub -signature /tmp/pmbootstrapeg5e_oudsig /tmp/pmbootstrap0jdv55i7apk[0m
Verified OK
[08:22:53] Verify the version reported by the apk.static binary (must match the package version 3.0.8-r0)[0m
[08:22:53] % /tmp/pmbootstrap0jdv55i7apk --version[0m
apk-tools 3.0.8-r0, compiled for aarch64.
[08:22:53] (buildroot_armv7) Creating chroot[0m
[08:22:53] % sudo cp /etc/resolv.conf /home/pmos/work/chroot_buildroot_armv7/etc/resolv.conf[0m
[08:22:53] % sudo mkdir -p /home/pmos/work/chroot_buildroot_armv7/etc/apk[0m
[08:22:53] (chroot_buildroot_armv7) update /etc/apk/repositories[0m
[08:22:53] % sudo sh -c echo https://mirror.postmarketos.org/postmarketos/main >> /home/pmos/work/chroot_buildroot_armv7/etc/apk/repositories[0m
[08:22:53] % sudo sh -c echo https://dl-cdn.alpinelinux.org/alpine/edge/main >> /home/pmos/work/chroot_buildroot_armv7/etc/apk/repositories[0m
[08:22:53] % sudo sh -c echo https://dl-cdn.alpinelinux.org/alpine/edge/community >> /home/pmos/work/chroot_buildroot_armv7/etc/apk/repositories[0m
[08:22:53] % sudo sh -c echo https://dl-cdn.alpinelinux.org/alpine/edge/testing >> /home/pmos/work/chroot_buildroot_armv7/etc/apk/repositories[0m
[08:22:53] % sudo mkdir -p /home/pmos/work/chroot_buildroot_armv7/usr/bin /home/pmos/work/chroot_buildroot_armv7/usr/sbin /home/pmos/work/chroot_buildroot_armv7/usr/lib[0m
[08:22:53] % sudo ln -s usr/bin usr/sbin usr/lib /home/pmos/work/chroot_buildroot_armv7/[0m
[08:22:53] % sudo rm -r /home/pmos/work/chroot_buildroot_armv7/sbin /home/pmos/work/chroot_buildroot_armv7/usr/sbin[0m
[08:22:53] % sudo ln -s usr/bin /home/pmos/work/chroot_buildroot_armv7/sbin[0m
[08:22:53] % sudo ln -s bin /home/pmos/work/chroot_buildroot_armv7/usr/sbin[0m
[08:22:53] % sudo mkdir -p /home/pmos/work/tmp[0m
[08:22:53] % sudo rm -f /home/pmos/work/tmp/apk_progress_fifo[0m
[08:22:53] % sudo mkfifo /home/pmos/work/tmp/apk_progress_fifo[0m
[08:22:53] % sudo cat /home/pmos/work/tmp/apk_progress_fifo[0m
[08:22:53] % sudo sh -c exec 3>/home/pmos/work/tmp/apk_progress_fifo; /home/pmos/work/apk.static --progress-fd 3 --no-progress --root /home/pmos/work/chroot_buildroot_armv7 --arch armv7 --cache-dir /home/pmos/work/cache_apk_armv7 --repository /home/pmos/work/packages/edge --initdb add --no-interactive alpine-baselayout apk-tools busybox musl-utils ;[0m
[08:22:53] New background process: pid=13500, output=background[0m
( 1/14) Installing alpine-baselayout-data (3.7.2-r1)
( 2/14) Installing musl (1.2.6-r3)
( 3/14) Installing busybox (1.38.0-r7)
  Executing busybox-1.38.0-r7.post-install
( 4/14) Installing busybox-binsh (1.38.0-r7)
( 5/14) Installing alpine-baselayout (3.7.2-r1)
  Executing alpine-baselayout-3.7.2-r1.pre-install
  Executing alpine-baselayout-3.7.2-r1.post-install
( 6/14) Installing libcrypto3 (3.5.8-r1)
( 7/14) Installing libssl3 (3.5.8-r1)
( 8/14) Installing ssl_client (1.38.0-r7)
( 9/14) Installing zlib (1.3.2-r0)
(10/14) Installing libapk (3.0.8-r0)
(11/14) Installing ca-certificates-bundle (20260909-r0)
(12/14) Installing apk-tools (3.0.8-r0)
(13/14) Installing scanelf (1.3.9-r1)
(14/14) Installing musl-utils (1.2.6-r3)
Executing busybox-1.38.0-r7.trigger
OK: 5296 KiB in 14 packages
[08:22:53] (buildroot_armv7) % adduser -D pmos -u 12345[0m
[08:22:53] (buildroot_armv7) % busybox su pmos -c HOME=/home/pmos ln -s /mnt/pmbootstrap/abuild-config /home/pmos/.abuild ;[0m
[08:22:53] (buildroot_armv7) % chown pmos:pmos /mnt/pmbootstrap/abuild-config[0m
[08:22:53] (buildroot_armv7) % busybox su pmos -c HOME=/home/pmos ln -s /mnt/pmbootstrap/ccache /home/pmos/.ccache ;[0m
[08:22:53] (buildroot_armv7) % chown pmos:pmos /mnt/pmbootstrap/ccache[0m
[08:22:53] (buildroot_armv7) % busybox su pmos -c HOME=/home/pmos mkdir -p /home/pmos/.cache ;[0m
[08:22:53] (buildroot_armv7) % busybox su pmos -c HOME=/home/pmos ln -s /mnt/pmbootstrap/go/gocache /home/pmos/.cache/go-build ;[0m
[08:22:53] (buildroot_armv7) % chown pmos:pmos /mnt/pmbootstrap/go/gocache[0m
[08:22:53] (buildroot_armv7) % busybox su pmos -c HOME=/home/pmos mkdir -p /home/pmos/go/pkg ;[0m
[08:22:53] (buildroot_armv7) % busybox su pmos -c HOME=/home/pmos ln -s /mnt/pmbootstrap/go/gomodcache /home/pmos/go/pkg/mod ;[0m
[08:22:53] (buildroot_armv7) % chown pmos:pmos /mnt/pmbootstrap/go/gomodcache[0m
[08:22:53] (buildroot_armv7) % busybox su pmos -c HOME=/home/pmos mkdir -p /home/pmos/.cargo/git ;[0m
[08:22:53] (buildroot_armv7) % busybox su pmos -c HOME=/home/pmos ln -s /mnt/pmbootstrap/rust/git/db /home/pmos/.cargo/git/db ;[0m
[08:22:53] (buildroot_armv7) % chown pmos:pmos /mnt/pmbootstrap/rust/git/db[0m
[08:22:53] (buildroot_armv7) % busybox su pmos -c HOME=/home/pmos mkdir -p /home/pmos/.cargo/registry ;[0m
[08:22:53] (buildroot_armv7) % busybox su pmos -c HOME=/home/pmos ln -s /mnt/pmbootstrap/rust/registry/cache /home/pmos/.cargo/registry/cache ;[0m
[08:22:53] (buildroot_armv7) % chown pmos:pmos /mnt/pmbootstrap/rust/registry/cache[0m
[08:22:53] (buildroot_armv7) % busybox su pmos -c HOME=/home/pmos ln -s /mnt/pmbootstrap/rust/registry/index /home/pmos/.cargo/registry/index ;[0m
[08:22:54] (buildroot_armv7) % chown pmos:pmos /mnt/pmbootstrap/rust/registry/index[0m
[08:22:54] (buildroot_armv7) % busybox su pmos -c HOME=/home/pmos ln -s /mnt/pmbootstrap/sccache /home/pmos/.cache/sccache ;[0m
[08:22:54] (buildroot_armv7) % chown pmos:pmos /mnt/pmbootstrap/sccache[0m
[08:22:54] check_version_constraints: ignoring apk-tools[0m
[08:22:54] check_version_constraints: ignoring musl[0m
[08:22:54] check_version_constraints: ignoring build-base[0m
[08:22:54] check_version_constraints: ignoring fortify-headers[0m
[08:22:54] check_version_constraints: ignoring ca-certificates-bundle[0m
[08:22:54] check_version_constraints: ignoring ccache[0m
[08:22:54] check_version_constraints: ignoring libapk[0m
[08:22:54] check_version_constraints: ignoring make[0m
[08:22:54] check_version_constraints: ignoring git[0m
[08:22:54] check_version_constraints: ignoring pigz[0m
[08:22:54] check_version_constraints: ignoring patch[0m
[08:22:54] check_version_constraints: ignoring libcrypto3[0m
[08:22:54] libcrypto3: picked provider(s) with highest priority 100: libcrypto3[0m
[08:22:54] check_version_constraints: ignoring libc-dev[0m
[08:22:54] check_version_constraints: ignoring abuild[0m
[08:22:54] check_version_constraints: ignoring gcc[0m
[08:22:54] check_version_constraints: ignoring tar[0m
[08:22:54] check_version_constraints: ignoring /bin/sh[0m
[08:22:54] check_version_constraints: ignoring /bin/sh[0m
[08:22:54] check_version_constraints: ignoring /bin/sh[0m
[08:22:54] check_version_constraints: ignoring /bin/sh[0m
[08:22:54] check_version_constraints: ignoring /bin/sh[0m
[08:22:54] /bin/sh: picked provider(s) with highest priority 100: busybox-binsh[0m
[08:22:54] check_version_constraints: ignoring libgomp[0m
[08:22:54] check_version_constraints: ignoring libatomic[0m
[08:22:54] check_version_constraints: ignoring g++[0m
[08:22:54] check_version_constraints: ignoring binutils[0m
[08:22:54] check_version_constraints: ignoring file[0m
[08:22:54] check_version_constraints: ignoring libstdc++-dev[0m
[08:22:54] check_version_constraints: ignoring scanelf[0m
[08:22:54] check_version_constraints: ignoring libgcc-static[0m
[08:22:54] check_version_constraints: ignoring openssl[0m
[08:22:54] openssl: picked provider(s) with highest priority 100: openssl[0m
[08:22:54] check_version_constraints: ignoring fakeroot[0m
[08:22:54] check_version_constraints: ignoring fakeroot[0m
[08:22:54] fakeroot: picked provider(s) with highest priority 100: fakeroot[0m
[08:22:54] check_version_constraints: ignoring busybox[0m
[08:22:54] check_version_constraints: ignoring libssl3[0m
[08:22:54] libssl3: picked provider(s) with highest priority 100: libssl3[0m
[08:22:54] check_version_constraints: ignoring pkgconf[0m
[08:22:54] check_version_constraints: ignoring musl-utils[0m
[08:22:54] check_version_constraints: ignoring lzip[0m
[08:22:54] check_version_constraints: ignoring libstdc++[0m
[08:22:54] (buildroot_armv7) install abuild apk-tools build-base ccache git pigz[0m
[08:22:54] % sudo mkdir -p /home/pmos/work/tmp[0m
[08:22:54] % sudo rm -f /home/pmos/work/tmp/apk_progress_fifo[0m
[08:22:54] % sudo mkfifo /home/pmos/work/tmp/apk_progress_fifo[0m
[08:22:54] % sudo cat /home/pmos/work/tmp/apk_progress_fifo[0m
[08:22:54] % sudo sh -c exec 3>/home/pmos/work/tmp/apk_progress_fifo; /home/pmos/work/apk.static --progress-fd 3 --no-progress --root /home/pmos/work/chroot_buildroot_armv7 --arch armv7 --cache-dir /home/pmos/work/cache_apk_armv7 --repository /home/pmos/work/packages/edge add --no-interactive abuild apk-tools build-base ccache git pigz ;[0m
[08:22:54] New background process: pid=13661, output=background[0m
( 1/47) Installing libcap2 (2.78-r0)
( 2/47) Installing libcap-getcap (2.78-r0)
( 3/47) Installing fakeroot (1.37.2-r0)
( 4/47) Installing libgcc (15.2.0-r9)
( 5/47) Installing libstdc++ (15.2.0-r9)
( 6/47) Installing lzip (1.26-r0)
( 7/47) Installing openssl (3.5.8-r1)
( 8/47) Installing patch (2.8-r0)
( 9/47) Installing pkgconf (3.0.7-r0)
(10/47) Installing acl-libs (2.3.2-r1)
(11/47) Installing tar (1.35-r5)
(12/47) Installing abuild (3.18.0_rc5-r1)
  Executing abuild-3.18.0_rc5-r1.pre-install
(13/47) Installing abuild-sudo (3.18.0_rc5-r1)
(14/47) Installing jansson (2.15.0-r0)
(15/47) Installing zstd-libs (1.5.7-r2)
(16/47) Installing binutils (2.45.1-r1)
(17/47) Installing libmagic (5.48-r0)
(18/47) Installing file (5.48-r0)
(19/47) Installing libgcc-static (15.2.0-r9)
(20/47) Installing libgomp (15.2.0-r9)
(21/47) Installing libatomic (15.2.0-r9)
(22/47) Installing gmp (6.3.0-r4)
(23/47) Installing isl26 (0.26-r2)
(24/47) Installing mpfr4 (4.2.2-r0)
(25/47) Installing mpc1 (1.3.1-r1)
(26/47) Installing gcc (15.2.0-r9)
(27/47) Installing libstdc++-dev (15.2.0-r9)
(28/47) Installing musl-dev (1.2.6-r3)
(29/47) Installing g++ (15.2.0-r9)
(30/47) Installing make (4.4.1-r4)
(31/47) Installing fortify-headers (3.0.2-r0)
(32/47) Installing build-base (0.5-r4)
(33/47) Installing hiredis (1.3.0-r0)
(34/47) Installing libxxhash (0.8.3-r1)
(35/47) Installing ccache (4.13.6-r0)
(36/47) Installing brotli-libs (1.2.0-r1)
(37/47) Installing c-ares (1.34.8-r0)
(38/47) Installing libunistring (1.4.2-r0)
(39/47) Installing libidn2 (2.3.8-r0)
(40/47) Installing nghttp2-libs (1.70.0-r0)
(41/47) Installing libpsl (0.21.5-r3)
(42/47) Installing libcurl (8.22.0-r0)
(43/47) Installing libexpat (2.8.5-r0)
(44/47) Installing pcre2 (10.48-r0)
(45/47) Installing git (2.55.0-r1)
(46/47) Installing git-init-template (2.55.0-r1)
(47/47) Installing pigz (2.8-r1)
Executing busybox-1.38.0-r7.trigger
OK: 173.2 MiB in 61 packages
[08:22:55] (buildroot_armv7) % chown root:abuild /var/cache/distfiles[0m
[08:22:55] (buildroot_armv7) % chmod g+w /var/cache/distfiles[0m
[08:22:55] (buildroot_armv7) % adduser pmos abuild[0m
[08:22:55] (buildroot_armv7) % cp /tmp/apk_wrapper.sh /usr/local/bin/abuild-apk[0m
[08:22:55] (buildroot_armv7) % chmod +x /usr/local/bin/abuild-apk[0m
[08:22:55] (buildroot_armv7) % sed -i -e s/^CLEANUP=.*/CLEANUP=''/ /etc/abuild.conf[0m
[08:22:55] (buildroot_armv7) % sed -i -e s/^ERROR_CLEANUP=.*/ERROR_CLEANUP=''/ /etc/abuild.conf[0m
[08:22:55] (buildroot_armv7) % sed -i $ a\export JOBS=4 /etc/abuild.conf[0m
[08:22:55] Attempting to build: crossdirect, g++-armv7, gcc-armv7, abuild, ccache-cross-symlinks[0m
[08:22:55] aarch64/crossdirect: Generating dependency tree[0m
[08:22:55] check_version_constraints: ignoring crossdirect[0m
[08:22:55] aarch64/g++-armv7: Generating dependency tree[0m
[08:22:55] check_version_constraints: ignoring gcc-armv7[0m
[08:22:55] check_version_constraints: ignoring binutils-armv7[0m
[08:22:55] check_version_constraints: ignoring bison[0m
[08:22:55] check_version_constraints: ignoring flex[0m
[08:22:55] check_version_constraints: ignoring g++[0m
[08:22:55] check_version_constraints: ignoring gawk[0m
[08:22:55] check_version_constraints: ignoring gcc[0m
[08:22:55] check_version_constraints: ignoring gmp-dev[0m
[08:22:55] check_version_constraints: ignoring isl-dev[0m
[08:22:55] check_version_constraints: ignoring linux-headers[0m
[08:22:55] check_version_constraints: ignoring mpc1[0m
[08:22:55] check_version_constraints: ignoring mpc1-dev[0m
[08:22:55] check_version_constraints: ignoring mpfr-dev[0m
[08:22:55] check_version_constraints: ignoring musl-dev-armv7[0m
[08:22:55] check_version_constraints: ignoring musl-armv7[0m
[08:22:55] check_version_constraints: ignoring so:libgcc_s.so.1[0m
[08:22:55] check_version_constraints: ignoring so:libgmp.so.10[0m
[08:22:55] check_version_constraints: ignoring so:libisl.so.23[0m
[08:22:55] check_version_constraints: ignoring so:libisl.so.23[0m
[08:22:55] so:libisl.so.23: has multiple providers (isl25, isl26), picked shortest: isl25[0m
[08:22:55] check_version_constraints: ignoring so:libmpc.so.3[0m
[08:22:55] check_version_constraints: ignoring so:libmpfr.so.6[0m
[08:22:55] check_version_constraints: ignoring so:libstdc++.so.6[0m
[08:22:55] check_version_constraints: ignoring so:libz.so.1[0m
[08:22:55] check_version_constraints: ignoring texinfo[0m
[08:22:55] check_version_constraints: ignoring zip[0m
[08:22:55] check_version_constraints: ignoring zlib-dev[0m
[08:22:55] aarch64/gcc-armv7: Generating dependency tree[0m
[08:22:55] check_version_constraints: ignoring gcc-armv7[0m
[08:22:55] aarch64/binutils-armv7: marked for build[0m
[08:22:55] aarch64/bison: marked for build[0m
[08:22:55] aarch64/flex: marked for build[0m
[08:22:55] aarch64/g++: marked for build[0m
[08:22:55] aarch64/gawk: marked for build[0m
[08:22:55] aarch64/gcc: marked for build[0m
[08:22:55] aarch64/gmp-dev: marked for build[0m
[08:22:55] aarch64/isl-dev: marked for build[0m
[08:22:55] aarch64/linux-headers: marked for build[0m
[08:22:55] aarch64/mpc1: marked for build[0m
[08:22:55] aarch64/mpc1-dev: marked for build[0m
[08:22:55] aarch64/mpfr-dev: marked for build[0m
[08:22:55] aarch64/musl-dev-armv7: marked for build[0m
[08:22:55] aarch64/so:libgcc_s.so.1: marked for build[0m
[08:22:55] aarch64/so:libgmp.so.10: marked for build[0m
[08:22:55] aarch64/so:libisl.so.23: marked for build[0m
[08:22:55] aarch64/so:libmpc.so.3: marked for build[0m
[08:22:55] aarch64/so:libmpfr.so.6: marked for build[0m
[08:22:55] aarch64/so:libstdc++.so.6: marked for build[0m
[08:22:55] aarch64/so:libz.so.1: marked for build[0m
[08:22:55] aarch64/texinfo: marked for build[0m
[08:22:55] aarch64/zip: marked for build[0m
[08:22:55] aarch64/zlib-dev: marked for build[0m
[08:22:55] check_version_constraints: ignoring abuild[0m
[08:22:55] aarch64/ccache-cross-symlinks: Generating dependency tree[0m
[08:22:55] check_version_constraints: ignoring ccache-cross-symlinks[0m
[08:22:55] check_version_constraints: ignoring ccache[0m
[08:22:55] check_version_constraints: ignoring g++-armv7[0m
[08:22:55] check_version_constraints: ignoring gcc-armv7[0m
[08:22:55] check_version_constraints: ignoring crossdirect[0m
[08:22:55] check_version_constraints: ignoring binutils-armv7[0m
[08:22:55] check_version_constraints: ignoring ccache-cross-symlinks[0m
[08:22:55] check_version_constraints: ignoring musl-dev[0m
[08:22:55] check_version_constraints: ignoring abuild[0m
[08:22:55] check_version_constraints: ignoring libstdc++-dev-armv7[0m
[08:22:55] check_version_constraints: ignoring apk-tools[0m
[08:22:55] check_version_constraints: ignoring tar[0m
[08:22:55] check_version_constraints: ignoring /bin/sh[0m
[08:22:55] check_version_constraints: ignoring /bin/sh[0m
[08:22:55] check_version_constraints: ignoring /bin/sh[0m
[08:22:55] check_version_constraints: ignoring /bin/sh[0m
[08:22:55] check_version_constraints: ignoring /bin/sh[0m
[08:22:55] /bin/sh: picked provider(s) with highest priority 100: busybox-binsh[0m
[08:22:55] check_version_constraints: ignoring musl[0m
[08:22:55] check_version_constraints: ignoring scanelf[0m
[08:22:55] check_version_constraints: ignoring ca-certificates-bundle[0m
[08:22:55] check_version_constraints: ignoring openssl[0m
[08:22:55] openssl: picked provider(s) with highest priority 100: openssl[0m
[08:22:55] check_version_constraints: ignoring ccache[0m
[08:22:55] check_version_constraints: ignoring libapk[0m
[08:22:55] check_version_constraints: ignoring fakeroot[0m
[08:22:55] check_version_constraints: ignoring fakeroot[0m
[08:22:55] fakeroot: picked provider(s) with highest priority 100: fakeroot[0m
[08:22:55] check_version_constraints: ignoring mpc1[0m
[08:22:55] check_version_constraints: ignoring busybox[0m
[08:22:55] check_version_constraints: ignoring libssl3[0m
[08:22:55] libssl3: picked provider(s) with highest priority 100: libssl3[0m
[08:22:55] check_version_constraints: ignoring pkgconf[0m
[08:22:55] check_version_constraints: ignoring patch[0m
[08:22:55] check_version_constraints: ignoring musl-utils[0m
[08:22:55] check_version_constraints: ignoring libcrypto3[0m
[08:22:55] libcrypto3: picked provider(s) with highest priority 100: libcrypto3[0m
[08:22:55] check_version_constraints: ignoring lzip[0m
[08:22:55] (native) install ccache-cross-symlinks abuild gcc-armv7 g++-armv7 crossdirect[0m
[08:22:55] % sudo mkdir -p /home/pmos/work/tmp[0m
[08:22:55] % sudo rm -f /home/pmos/work/tmp/apk_progress_fifo[0m
[08:22:55] % sudo mkfifo /home/pmos/work/tmp/apk_progress_fifo[0m
[08:22:55] % sudo cat /home/pmos/work/tmp/apk_progress_fifo[0m
[08:22:55] % sudo sh -c exec 3>/home/pmos/work/tmp/apk_progress_fifo; /home/pmos/work/apk.static --progress-fd 3 --no-progress --root /home/pmos/work/chroot_native --arch aarch64 --cache-dir /home/pmos/work/cache_apk_aarch64 --repository /home/pmos/work/packages/edge add --no-interactive crossdirect g++-armv7 gcc-armv7 abuild ccache-cross-symlinks ;[0m
[08:22:55] New background process: pid=13716, output=background[0m
WARNING: opening /home/pmos/work/packages/edge/aarch64/APKINDEX.tar.gz: No such file or directory
( 1/29) Installing libcap2 (2.78-r0)
( 2/29) Installing libcap-getcap (2.78-r0)
( 3/29) Installing fakeroot (1.37.2-r0)
( 4/29) Installing libgcc (15.2.0-r9)
( 5/29) Installing libstdc++ (15.2.0-r9)
( 6/29) Installing lzip (1.26-r0)
( 7/29) Installing openssl (3.5.8-r1)
( 8/29) Installing patch (2.8-r0)
( 9/29) Installing pkgconf (3.0.7-r0)
(10/29) Installing acl-libs (2.3.2-r1)
(11/29) Installing tar (1.35-r5)
(12/29) Installing abuild (3.18.0_rc5-r1)
  Executing abuild-3.18.0_rc5-r1.pre-install
(13/29) Installing abuild-sudo (3.18.0_rc5-r1)
(14/29) Installing hiredis (1.3.0-r0)
(15/29) Installing libxxhash (0.8.3-r1)
(16/29) Installing zstd-libs (1.5.7-r2)
(17/29) Installing ccache (4.13.6-r0)
(18/29) Installing ccache-cross-symlinks (3-r3)
(19/29) Installing crossdirect (5.3.1-r1)
(20/29) Installing libstdc++-dev-armv7 (15.2.0-r9)
(21/29) Installing jansson (2.15.0-r0)
(22/29) Installing binutils-armv7 (2.45.1-r1)
(23/29) Installing gmp (6.3.0-r4)
(24/29) Installing mpfr4 (4.2.2-r0)
(25/29) Installing mpc1 (1.3.1-r1)
(26/29) Installing isl26 (0.26-r2)
(27/29) Installing gcc-armv7 (15.2.0-r9)
(28/29) Installing musl-dev (1.2.6-r3)
(29/29) Installing g++-armv7 (15.2.0-r9)
Executing busybox-1.38.0-r7.trigger
OK: 227.3 MiB in 44 packages
[08:22:57] % sudo mkdir -p /home/pmos/work/chroot_buildroot_armv7/native[0m
[08:22:57] % sudo mount --bind /home/pmos/work/chroot_native /home/pmos/work/chroot_buildroot_armv7/native[0m
[08:22:57] % sudo ln -s /native/lib/ld-musl-aarch64.so.1 /home/pmos/work/chroot_buildroot_armv7/lib/ld-musl-aarch64.so.1[0m
[08:22:57] check_version_constraints: ignoring devicepkg-dev[0m
[08:22:57] (buildroot_armv7) install devicepkg-dev[0m
[08:22:57] % sudo mkdir -p /home/pmos/work/tmp[0m
[08:22:57] % sudo rm -f /home/pmos/work/tmp/apk_progress_fifo[0m
[08:22:57] % sudo mkfifo /home/pmos/work/tmp/apk_progress_fifo[0m
[08:22:57] % sudo cat /home/pmos/work/tmp/apk_progress_fifo[0m
[08:22:57] % sudo sh -c exec 3>/home/pmos/work/tmp/apk_progress_fifo; /home/pmos/work/apk.static --progress-fd 3 --no-progress --root /home/pmos/work/chroot_buildroot_armv7 --arch armv7 --cache-dir /home/pmos/work/cache_apk_armv7 --repository /home/pmos/work/packages/edge add --no-interactive devicepkg-dev ;[0m
[08:22:57] New background process: pid=13736, output=background[0m
(1/1) Installing devicepkg-dev (1-r0)
Executing busybox-1.38.0-r7.trigger
OK: 173.2 MiB in 62 packages
[08:22:57] [93m=>[0m [94medge/device-samsung-k3gxx[0m: Building package (cross compiling: crossdirect)[0m
[08:22:57] (buildroot_armv7) % mkdir -p /home/pmos/packages; rm -f /home/pmos/packages/pmos; ln -sf /mnt/pmbootstrap/packages/edge /home/pmos/packages/pmos[0m
[08:22:57] % sudo mkdir -p /home/pmos/work/chroot_buildroot_armv7/home/pmos/build[0m
[08:22:57] % sudo cp -rL /src/pmaports/device/downstream/device-samsung-k3gxx/kernel-cmdline.conf /home/pmos/work/chroot_buildroot_armv7/home/pmos/build/kernel-cmdline.conf[0m
[08:22:57] % sudo cp -rL /src/pmaports/device/downstream/device-samsung-k3gxx/deviceinfo /home/pmos/work/chroot_buildroot_armv7/home/pmos/build/deviceinfo[0m
[08:22:57] % sudo cp -rL /src/pmaports/device/downstream/device-samsung-k3gxx/APKBUILD /home/pmos/work/chroot_buildroot_armv7/home/pmos/build/APKBUILD[0m
[08:22:57] (buildroot_armv7) % chown -R pmos:pmos /home/pmos/build[0m
[08:22:57] % sudo mkdir -p /home/pmos/work/chroot_buildroot_armv7/mnt/pmaports[0m
[08:22:57] % sudo mount --bind /src/pmaports /home/pmos/work/chroot_buildroot_armv7/mnt/pmaports[0m
[08:22:57] (buildroot_armv7) % busybox su pmos -c HOME=/home/pmos mkdir -p /home/pmos/build ;[0m
[08:22:57] (buildroot_armv7) % busybox su pmos -c HOME=/home/pmos ln -sf /mnt/pmaports/.git /home/pmos/build/.git ;[0m
[08:22:57] (buildroot_armv7) % cd /home/pmos/build; busybox su pmos -c SUDO_APK='abuild-apk --no-progress' PMB_CROSS=crossdirect PATH=/native/usr/lib/crossdirect/armv7:/usr/lib/ccache/bin:/usr/local/sbin:/usr/local/bin:/usr/sbin:/usr/bin:/sbin:/bin GOCACHE=/home/pmos/.cache/go-build HOME=/home/pmos abuild -d -D postmarketOS ;[0m
>>> device-samsung-k3gxx: Building pmos/device-samsung-k3gxx 4-r2 (using abuild 3.18.0_rc5-r1) started Sun, 27 Sep 2026 08:22:58 +0000
>>> device-samsung-k3gxx: Validating /home/pmos/build/APKBUILD...
>>> WARNING: device-samsung-k3gxx: No maintainer
>>> device-samsung-k3gxx: Cleaning up srcdir
>>> device-samsung-k3gxx: Cleaning up pkgdir
>>> device-samsung-k3gxx: Cleaning up tmpdir
/home/pmos/build/deviceinfo: OK
/home/pmos/build/kernel-cmdline.conf: OK
/home/pmos/build/deviceinfo: OK
/home/pmos/build/kernel-cmdline.conf: OK
>>> device-samsung-k3gxx: Entering fakeroot...
>>> device-samsung-k3gxx*: Running postcheck for device-samsung-k3gxx
>>> device-samsung-k3gxx*: Preparing package device-samsung-k3gxx...
>>> device-samsung-k3gxx*: Stripping binaries
>>> device-samsung-k3gxx*: Scanning shared objects
>>> device-samsung-k3gxx*: Tracing dependencies...
	linux-samsung-k3gxx
	mkbootimg
	postmarketos-base
	msm-fb-refresher
>>> device-samsung-k3gxx*: Package size: 1021.0 B
>>> device-samsung-k3gxx*: Compressing data...
>>> device-samsung-k3gxx*: Create checksum...
>>> device-samsung-k3gxx*: Create device-samsung-k3gxx-4-r2.apk
>>> device-samsung-k3gxx: Build complete at Sun, 27 Sep 2026 08:23:01 +0000 elapsed time 0h 0m 3s
>>> device-samsung-k3gxx: Cleaning up srcdir
>>> device-samsung-k3gxx: Cleaning up pkgdir
>>> device-samsung-k3gxx: Cleaning up tmpdir
>>> device-samsung-k3gxx: Updating the pmos/armv7 repository index...
>>> device-samsung-k3gxx: Signing the index...
[08:23:01] % sudo umount /home/pmos/work/chroot_buildroot_armv7/mnt/sysroot[0m
[08:23:01] Zapping buildroots (running in strict mode by default, use --lax to skip zap)[0m
[08:23:01] % sudo losetup --json --list[0m
{
   "loopdevices": [

   ]
}
[08:23:01] % sudo rm /home/pmos/work/chroot_native/in-pmbootstrap[0m
[08:23:01] % sudo rm /home/pmos/work/chroot_buildroot_armv7/in-pmbootstrap[0m
[08:23:01] % sudo umount /home/pmos/work/chroot_native/var/cache/distfiles[0m
[08:23:01] % sudo umount /home/pmos/work/chroot_native/var/cache/apk[0m
[08:23:01] % sudo umount /home/pmos/work/chroot_native/sys[0m
[08:23:01] % sudo umount /home/pmos/work/chroot_native/proc[0m
[08:23:01] % sudo umount /home/pmos/work/chroot_native/mnt/pmbootstrap/sccache[0m
[08:23:01] % sudo umount /home/pmos/work/chroot_native/mnt/pmbootstrap/rust[0m
[08:23:01] % sudo umount /home/pmos/work/chroot_native/mnt/pmbootstrap/packages[0m
[08:23:01] % sudo umount /home/pmos/work/chroot_native/mnt/pmbootstrap/netboot[0m
[08:23:01] % sudo umount /home/pmos/work/chroot_native/mnt/pmbootstrap/go[0m
[08:23:01] % sudo umount /home/pmos/work/chroot_native/mnt/pmbootstrap/git[0m
[08:23:01] % sudo umount /home/pmos/work/chroot_native/mnt/pmbootstrap/ccache[0m
[08:23:01] % sudo umount /home/pmos/work/chroot_native/mnt/pmbootstrap/abuild-config[0m
[08:23:01] % sudo umount /home/pmos/work/chroot_native/mnt/appstream-data[0m
[08:23:01] % sudo umount /home/pmos/work/chroot_native/etc/apk/keys[0m
[08:23:01] % sudo umount /home/pmos/work/chroot_native/dev/shm[0m
[08:23:01] % sudo umount /home/pmos/work/chroot_native/dev/pts[0m
[08:23:01] % sudo umount /home/pmos/work/chroot_native/dev[0m
[08:23:01] % sudo umount /home/pmos/work/chroot_buildroot_armv7/var/cache/distfiles[0m
[08:23:01] % sudo umount /home/pmos/work/chroot_buildroot_armv7/var/cache/apk[0m
[08:23:01] % sudo umount /home/pmos/work/chroot_buildroot_armv7/usr/bin/qemu-arm-static[0m
[08:23:01] % sudo umount /home/pmos/work/chroot_buildroot_armv7/sys[0m
[08:23:01] % sudo umount /home/pmos/work/chroot_buildroot_armv7/proc[0m
[08:23:01] % sudo umount /home/pmos/work/chroot_buildroot_armv7/native[0m
[08:23:01] % sudo umount /home/pmos/work/chroot_buildroot_armv7/mnt/pmbootstrap/sccache[0m
[08:23:01] % sudo umount /home/pmos/work/chroot_buildroot_armv7/mnt/pmbootstrap/rust[0m
[08:23:01] % sudo umount /home/pmos/work/chroot_buildroot_armv7/mnt/pmbootstrap/packages[0m
[08:23:01] % sudo umount /home/pmos/work/chroot_buildroot_armv7/mnt/pmbootstrap/netboot[0m
[08:23:01] % sudo umount /home/pmos/work/chroot_buildroot_armv7/mnt/pmbootstrap/go[0m
[08:23:01] % sudo umount /home/pmos/work/chroot_buildroot_armv7/mnt/pmbootstrap/git[0m
[08:23:01] % sudo umount /home/pmos/work/chroot_buildroot_armv7/mnt/pmbootstrap/ccache[0m
[08:23:01] % sudo umount /home/pmos/work/chroot_buildroot_armv7/mnt/pmbootstrap/abuild-config[0m
[08:23:01] % sudo umount /home/pmos/work/chroot_buildroot_armv7/mnt/pmaports[0m
[08:23:01] % sudo umount /home/pmos/work/chroot_buildroot_armv7/mnt/appstream-data[0m
[08:23:01] % sudo umount /home/pmos/work/chroot_buildroot_armv7/etc/apk/keys[0m
[08:23:01] % sudo umount /home/pmos/work/chroot_buildroot_armv7/dev/shm[0m
[08:23:01] % sudo umount /home/pmos/work/chroot_buildroot_armv7/dev/pts[0m
[08:23:01] % sudo umount /home/pmos/work/chroot_buildroot_armv7/dev[0m
[08:23:01] % sudo rm -rf /home/pmos/work/chroot_buildroot_armv7[0m
[08:23:01] % sudo rm -rf /home/pmos/work/chroot_native[0m
[08:23:01] [93m=>[0m [94medge/device-samsung-k3gxx[0m: Done![0m
[08:23:01] [93m=>[0m [92mFinished building packages[0m
[08:23:01] [92mDONE![0m[0m
