[08:31:27] (buildroot_armv7) % sh /tmp/s5-finalize.sh[0m
  adding: chroot/ (stored 0%)
  adding: chroot/install_options (stored 0%)
  adding: chroot/lib/ (stored 0%)
  adding: chroot/lib/libeconf.so.0 (stored 0%)
  adding: chroot/lib/libpopt.so.0.0.2 (stored 0%)
  adding: chroot/lib/libgcc_s.so.1 (stored 0%)
  adding: chroot/lib/libacl.so.1 (stored 0%)
  adding: chroot/lib/libjson-c.so.5.5.0 (stored 0%)
  adding: chroot/lib/libuuid.so.1 (stored 0%)
  adding: chroot/lib/libblkid.so.1 (stored 0%)
  adding: chroot/lib/libcrypto.so.3 (stored 0%)
  adding: chroot/lib/libcom_err.so.2 (stored 0%)
  adding: chroot/lib/libpopt.so.0 (stored 0%)
  adding: chroot/lib/libjson-c.so.5 (stored 0%)
  adding: chroot/lib/libparted.so.2.0.5 (stored 0%)
  adding: chroot/lib/ld-musl-armhf.so.1 (stored 0%)
  adding: chroot/lib/libncursesw.so.6.6 (stored 0%)
  adding: chroot/lib/libmount.so.1.1.0 (stored 0%)
  adding: chroot/lib/libncursesw.so.6 (stored 0%)
  adding: chroot/lib/libdevmapper.so.1.02 (stored 0%)
  adding: chroot/lib/libparted.so.2 (stored 0%)
  adding: chroot/lib/libuuid.so.1.3.0 (stored 0%)
  adding: chroot/lib/libcryptsetup.so.12 (stored 0%)
  adding: chroot/lib/libcryptsetup.so.12.11.0 (stored 0%)
  adding: chroot/lib/libblkid.so.1.1.0 (stored 0%)
  adding: chroot/lib/libreadline.so.8 (stored 0%)
  adding: chroot/lib/libmount.so.1 (stored 0%)
  adding: chroot/lib/libacl.so.1.1.2302 (stored 0%)
  adding: chroot/lib/libreadline.so.8.3 (stored 0%)
  adding: chroot/lib/libe2p.so.2 (stored 0%)
  adding: chroot/lib/libe2p.so.2.3 (stored 0%)
  adding: chroot/lib/libcom_err.so.2.1 (stored 0%)
  adding: chroot/lib/libext2fs.so.2.4 (stored 0%)
  adding: chroot/lib/libc.musl-armv7.so.1 (stored 0%)
  adding: chroot/lib/libext2fs.so.2 (stored 0%)
  adding: chroot/lib/libeconf.so.0.8.4 (stored 0%)
  adding: chroot/bin/ (stored 0%)
  adding: chroot/bin/mkfs.ext4 (stored 0%)
  adding: chroot/bin/tar (stored 0%)
  adding: chroot/bin/pmos_install (stored 0%)
  adding: chroot/bin/umount (stored 0%)
  adding: chroot/bin/kpartx (stored 0%)
  adding: chroot/bin/pmos_setpw (stored 0%)
  adding: chroot/bin/pmos_install_part (stored 0%)
  adding: chroot/bin/cryptsetup (stored 0%)
  adding: chroot/bin/parted (stored 0%)
  adding: chroot/bin/partprobe (stored 0%)
  adding: chroot/bin/busybox (stored 0%)
  adding: chroot/bin/findfs (stored 0%)
  adding: chroot/bin/mkfs.ext2 (stored 0%)
  adding: chroot/bin/pmos_install_functions (stored 0%)
  adding: chroot_contents (stored 0%)
  adding: META-INF/ (stored 0%)
  adding: META-INF/com/ (stored 0%)
  adding: META-INF/com/google/ (stored 0%)
  adding: META-INF/com/google/android/ (stored 0%)
  adding: META-INF/com/google/android/update-binary (stored 0%)
  adding: disable-warning (stored 0%)
  adding: pmos_chroot (stored 0%)
  adding: rootfs.tar.gz (stored 0%)
[08:31:38] [94mNOTE:[0m chroot is still active (use 'pmbootstrap shutdown' as necessary)[0m
[08:31:38] [92mDONE![0m[0m
